scp -P 123 user@example.com:spatie.be/current/.env .env