scp -P 0 user@example.com:spatie.be/current/.env .env