scp -o StrictHostKeyChecking=no -o UserKnownHostsFile=/dev/null user@example.com:spatie.be/current/.env .env