scp -i /home/user/.ssh/id_rsa user@example.com:spatie.be/current/.env .env