scp -r user@example.com:spatie.be/current downloads