ssh -i /home/user/.ssh/id_rsa -p  user@example.com 'bash -se' << \EOF-SPATIE-SSH
whoami
EOF-SPATIE-SSH